Apr 18 10:38:39 dilepton-tower sshd[193944]: error: maximum authentication attempts exceeded for invalid user admin from 120.224.50.233 port 25362 ssh2 [preauth]
Apr 18 10:38:39 dilepton-tower sshd[193944]: Disconnecting invalid user admin 120.224.50.233 port 25362: Too many authentication failures [preauth]
Apr 18 10:38:39 dilepton-tower sshd[193944]: PAM 5 more authentication failures; logname= uid=0 euid=0 tty=ssh ruser= rhost=120.224.50.233 
Apr 18 10:38:39 dilepton-tower sshd[193944]: PAM service(sshd) ignoring max retries; 6 > 3
Apr 18 10:38:41 dilepton-tower sshd[194195]: Invalid user admin from 120.224.50.233 port 29747
Apr 18 10:38:41 dilepton-tower sshd[194195]: pam_unix(sshd:auth): check pass; user unknown
Apr 18 10:38:41 dilepton-tower sshd[194195]: pam_unix(sshd:auth): authentication failure; logname= uid=0 euid=0 tty=ssh ruser= rhost=120.224.50.233 
Apr 18 10:38:43 dilepton-tower sshd[194195]: Failed password for invalid user admin from 120.224.50.233 port 29747 ssh2
Apr 18 10:38:44 dilepton-tower sshd[194195]: pam_unix(sshd:auth): check pass; user unknown
Apr 18 10:38:45 dilepton-tower sshd[194195]: Failed password for invalid user admin from 120.224.50.233 port 29747 ssh2
Apr 18 10:38:46 dilepton-tower sshd[194195]: Received disconnect from 120.224.50.233 port 29747:11: disconnected by user [preauth]
Apr 18 10:38:46 dilepton-tower sshd[194195]: Disconnected from invalid user admin 120.224.50.233 port 29747 [preauth]
Apr 18 10:38:46 dilepton-tower sshd[194195]: PAM 1 more authentication failure; logname= uid=0 euid=0 tty=ssh ruser= rhost=120.224.50.233 
Apr 18 10:38:48 dilepton-tower sshd[194301]: Invalid user oracle from 120.224.50.233 port 31560
Apr 18 10:38:48 dilepton-tower sshd[194301]: pam_unix(sshd:auth): check pass; user unknown
Apr 18 10:38:48 dilepton-tower sshd[194301]: pam_unix(sshd:auth): authentication failure; logname= uid=0 euid=0 tty=ssh ruser= rhost=120.224.50.233 
Apr 18 10:38:50 dilepton-tower sshd[194301]: Failed password for invalid user oracle from 120.224.50.233 port 31560 ssh2
Apr 18 10:38:51 dilepton-tower sshd[194301]: pam_unix(sshd:auth): check pass; user unknown
Apr 18 10:38:53 dilepton-tower sshd[194301]: Failed password for invalid user oracle from 120.224.50.233 port 31560 ssh2
Apr 18 10:38:53 dilepton-tower sshd[194301]: pam_unix(sshd:auth): check pass; user unknown
Apr 18 10:38:55 dilepton-tower sshd[194301]: Failed password for invalid user oracle from 120.224.50.233 port 31560 ssh2
Apr 18 10:38:55 dilepton-tower sshd[194301]: pam_unix(sshd:auth): check pass; user unknown
Apr 18 10:38:57 dilepton-tower sshd[194301]: Failed password for invalid user oracle from 120.224.50.233 port 31560 ssh2
Apr 18 10:38:58 dilepton-tower sshd[194301]: pam_unix(sshd:auth): check pass; user unknown
Apr 18 10:39:00 dilepton-tower sshd[194301]: Failed password for invalid user oracle from 120.224.50.233 port 31560 ssh2
Apr 18 10:39:00 dilepton-tower sshd[194301]: pam_unix(sshd:auth): check pass; user unknown
Apr 18 10:39:02 dilepton-tower sshd[194301]: Failed password for invalid user oracle from 120.224.50.233 port 31560 ssh2
Apr 18 10:39:03 dilepton-tower sshd[194301]: error: maximum authentication attempts exceeded for invalid user oracle from 120.224.50.233 port 31560 ssh2 [preauth]
Apr 18 10:39:03 dilepton-tower sshd[194301]: Disconnecting invalid user oracle 120.224.50.233 port 31560: Too many authentication failures [preauth]
Apr 18 10:39:03 dilepton-tower sshd[194301]: PAM 5 more authentication failures; logname= uid=0 euid=0 tty=ssh ruser= rhost=120.224.50.233 
Apr 18 10:39:03 dilepton-tower sshd[194301]: PAM service(sshd) ignoring max retries; 6 > 3
Apr 18 10:39:05 dilepton-tower sshd[194540]: Invalid user oracle from 120.224.50.233 port 35744
Apr 18 10:39:05 dilepton-tower sshd[194540]: pam_unix(sshd:auth): check pass; user unknown
Apr 18 10:39:05 dilepton-tower sshd[194540]: pam_unix(sshd:auth): authentication failure; logname= uid=0 euid=0 tty=ssh ruser= rhost=120.224.50.233 
Apr 18 10:39:07 dilepton-tower sshd[194540]: Failed password for invalid user oracle from 120.224.50.233 port 35744 ssh2
Apr 18 10:39:09 dilepton-tower sshd[194540]: pam_unix(sshd:auth): check pass; user unknown
Apr 18 10:39:11 dilepton-tower sshd[194540]: Failed password for invalid user oracle from 120.224.50.233 port 35744 ssh2
Apr 18 10:39:12 dilepton-tower sshd[194540]: pam_unix(sshd:auth): check pass; user unknown
Apr 18 10:39:13 dilepton-tower sshd[194540]: Failed password for invalid user oracle from 120.224.50.233 port 35744 ssh2
Apr 18 10:39:14 dilepton-tower sshd[194540]: pam_unix(sshd:auth): check pass; user unknown
Apr 18 10:39:15 dilepton-tower sshd[194540]: Failed password for invalid user oracle from 120.224.50.233 port 35744 ssh2
Apr 18 10:39:17 dilepton-tower sshd[194540]: pam_unix(sshd:auth): check pass; user unknown
Apr 18 10:39:19 dilepton-tower sshd[194540]: Failed password for invalid user oracle from 120.224.50.233 port 35744 ssh2
Apr 18 10:39:19 dilepton-tower sshd[194540]: pam_unix(sshd:auth): check pass; user unknown
Apr 18 10:39:20 dilepton-tower sshd[194540]: Failed password for invalid user oracle from 120.224.50.233 port 35744 ssh2
Apr 18 10:39:21 dilepton-tower sshd[194540]: error: maximum authentication attempts exceeded for invalid user oracle from 120.224.50.233 port 35744 ssh2 [preauth]
Apr 18 10:39:21 dilepton-tower sshd[194540]: Disconnecting invalid user oracle 120.224.50.233 port 35744: Too many authentication failures [preauth]
Apr 18 10:39:21 dilepton-tower sshd[194540]: PAM 5 more authentication failures; logname= uid=0 euid=0 tty=ssh ruser= rhost=120.224.50.233 
Apr 18 10:39:21 dilepton-tower sshd[194540]: PAM service(sshd) ignoring max retries; 6 > 3
Apr 18 10:39:23 dilepton-tower sshd[194839]: Invalid user oracle from 120.224.50.233 port 40419
Apr 18 10:39:23 dilepton-tower sshd[194839]: pam_unix(sshd:auth): check pass; user unknown
Apr 18 10:39:23 dilepton-tower sshd[194839]: pam_unix(sshd:auth): authentication failure; logname= uid=0 euid=0 tty=ssh ruser= rhost=120.224.50.233 
Apr 18 10:39:25 dilepton-tower sshd[194839]: Failed password for invalid user oracle from 120.224.50.233 port 40419 ssh2
Apr 18 10:39:26 dilepton-tower sshd[194839]: pam_unix(sshd:auth): check pass; user unknown
Apr 18 10:39:28 dilepton-tower sshd[194839]: Failed password for invalid user oracle from 120.224.50.233 port 40419 ssh2
Apr 18 10:39:28 dilepton-tower sshd[194839]: Received disconnect from 120.224.50.233 port 40419:11: disconnected by user [preauth]
Apr 18 10:39:28 dilepton-tower sshd[194839]: Disconnected from invalid user oracle 120.224.50.233 port 40419 [preauth]
Apr 18 10:39:28 dilepton-tower sshd[194839]: PAM 1 more authentication failure; logname= uid=0 euid=0 tty=ssh ruser= rhost=120.224.50.233 
Apr 18 10:39:30 dilepton-tower sshd[194926]: Invalid user usuario from 120.224.50.233 port 42091
Apr 18 10:39:30 dilepton-tower sshd[194926]: pam_unix(sshd:auth): check pass; user unknown
Apr 18 10:39:30 dilepton-tower sshd[194926]: pam_unix(sshd:auth): authentication failure; logname= uid=0 euid=0 tty=ssh ruser= rhost=120.224.50.233 
Apr 18 10:39:32 dilepton-tower sshd[194926]: Failed password for invalid user usuario from 120.224.50.233 port 42091 ssh2
Apr 18 10:39:32 dilepton-tower sshd[194926]: pam_unix(sshd:auth): check pass; user unknown
Apr 18 10:39:34 dilepton-tower sshd[194926]: Failed password for invalid user usuario from 120.224.50.233 port 42091 ssh2
Apr 18 10:39:35 dilepton-tower sshd[194926]: pam_unix(sshd:auth): check pass; user unknown
Apr 18 10:39:37 dilepton-tower sshd[194926]: Failed password for invalid user usuario from 120.224.50.233 port 42091 ssh2
Apr 18 10:39:38 dilepton-tower sshd[194926]: pam_unix(sshd:auth): check pass; user unknown
Apr 18 10:39:40 dilepton-tower sshd[194926]: Failed password for invalid user usuario from 120.224.50.233 port 42091 ssh2
Apr 18 10:39:40 dilepton-tower sshd[194926]: pam_unix(sshd:auth): check pass; user unknown
Apr 18 10:39:43 dilepton-tower sshd[194926]: Failed password for invalid user usuario from 120.224.50.233 port 42091 ssh2
Apr 18 10:39:43 dilepton-tower sshd[194926]: pam_unix(sshd:auth): check pass; user unknown
Apr 18 10:39:45 dilepton-tower sshd[194926]: Failed password for invalid user usuario from 120.224.50.233 port 42091 ssh2
Apr 18 10:39:45 dilepton-tower sshd[194926]: error: maximum authentication attempts exceeded for invalid user usuario from 120.224.50.233 port 42091 ssh2 [preauth]
Apr 18 10:39:45 dilepton-tower sshd[194926]: Disconnecting invalid user usuario 120.224.50.233 port 42091: Too many authentication failures [preauth]
Apr 18 10:39:45 dilepton-tower sshd[194926]: PAM 5 more authentication failures; logname= uid=0 euid=0 tty=ssh ruser= rhost=120.224.50.233 
Apr 18 10:39:45 dilepton-tower sshd[194926]: PAM service(sshd) ignoring max retries; 6 > 3
Apr 18 10:39:47 dilepton-tower sshd[195174]: Invalid user usuario from 120.224.50.233 port 46390
Apr 18 10:39:47 dilepton-tower sshd[195174]: pam_unix(sshd:auth): check pass; user unknown
Apr 18 10:39:47 dilepton-tower sshd[195174]: pam_unix(sshd:auth): authentication failure; logname= uid=0 euid=0 tty=ssh ruser= rhost=120.224.50.233 
Apr 18 10:39:50 dilepton-tower sshd[195174]: Failed password for invalid user usuario from 120.224.50.233 port 46390 ssh2
Apr 18 10:39:50 dilepton-tower sshd[195174]: pam_unix(sshd:auth): check pass; user unknown
Apr 18 10:39:52 dilepton-tower sshd[195174]: Failed password for invalid user usuario from 120.224.50.233 port 46390 ssh2
Apr 18 10:39:53 dilepton-tower sshd[195174]: pam_unix(sshd:auth): check pass; user unknown
Apr 18 10:39:55 dilepton-tower sshd[195174]: Failed password for invalid user usuario from 120.224.50.233 port 46390 ssh2
Apr 18 10:39:55 dilepton-tower sshd[195174]: pam_unix(sshd:auth): check pass; user unknown
Apr 18 10:39:57 dilepton-tower sshd[195174]: Failed password for invalid user usuario from 120.224.50.233 port 46390 ssh2
Apr 18 10:39:58 dilepton-tower sshd[195174]: pam_unix(sshd:auth): check pass; user unknown
Apr 18 10:40:00 dilepton-tower sshd[195174]: Failed password for invalid user usuario from 120.224.50.233 port 46390 ssh2
Apr 18 10:40:01 dilepton-tower sshd[195174]: pam_unix(sshd:auth): check pass; user unknown
Apr 18 10:40:02 dilepton-tower sshd[195174]: Failed password for invalid user usuario from 120.224.50.233 port 46390 ssh2
Apr 18 10:40:03 dilepton-tower sshd[195174]: error: maximum authentication attempts exceeded for invalid user usuario from 120.224.50.233 port 46390 ssh2 [preauth]
Apr 18 10:40:03 dilepton-tower sshd[195174]: Disconnecting invalid user usuario 120.224.50.233 port 46390: Too many authentication failures [preauth]
Apr 18 10:40:03 dilepton-tower sshd[195174]: PAM 5 more authentication failures; logname= uid=0 euid=0 tty=ssh ruser= rhost=120.224.50.233 
Apr 18 10:40:03 dilepton-tower sshd[195174]: PAM service(sshd) ignoring max retries; 6 > 3
Apr 18 10:40:05 dilepton-tower sshd[195425]: Invalid user usuario from 120.224.50.233 port 50820
Apr 18 10:40:05 dilepton-tower sshd[195425]: pam_unix(sshd:auth): check pass; user unknown
Apr 18 10:40:05 dilepton-tower sshd[195425]: pam_unix(sshd:auth): authentication failure; logname= uid=0 euid=0 tty=ssh ruser= rhost=120.224.50.233 
Apr 18 10:40:07 dilepton-tower sshd[195425]: Failed password for invalid user usuario from 120.224.50.233 port 50820 ssh2
Apr 18 10:40:08 dilepton-tower sshd[195425]: pam_unix(sshd:auth): check pass; user unknown
Apr 18 10:40:09 dilepton-tower sshd[195425]: Failed password for invalid user usuario from 120.224.50.233 port 50820 ssh2
Apr 18 10:40:11 dilepton-tower sshd[195425]: Received disconnect from 120.224.50.233 port 50820:11: disconnected by user [preauth]
Apr 18 10:40:11 dilepton-tower sshd[195425]: Disconnected from invalid user usuario 120.224.50.233 port 50820 [preauth]
Apr 18 10:40:11 dilepton-tower sshd[195425]: PAM 1 more authentication failure; logname= uid=0 euid=0 tty=ssh ruser= rhost=120.224.50.233 
Apr 18 10:40:12 dilepton-tower sshd[195585]: Invalid user test from 120.224.50.233 port 52613
Apr 18 10:40:12 dilepton-tower sshd[195585]: pam_unix(sshd:auth): check pass; user unknown
Apr 18 10:40:12 dilepton-tower sshd[195585]: pam_unix(sshd:auth): authentication failure; logname= uid=0 euid=0 tty=ssh ruser= rhost=120.224.50.233 
Apr 18 10:40:14 dilepton-tower sshd[195585]: Failed password for invalid user test from 120.224.50.233 port 52613 ssh2
Apr 18 10:40:16 dilepton-tower sshd[195585]: pam_unix(sshd:auth): check pass; user unknown
Apr 18 10:40:18 dilepton-tower sshd[195585]: Failed password for invalid user test from 120.224.50.233 port 52613 ssh2
Apr 18 10:40:18 dilepton-tower sshd[195585]: pam_unix(sshd:auth): check pass; user unknown
Apr 18 10:40:20 dilepton-tower sshd[195585]: Failed password for invalid user test from 120.224.50.233 port 52613 ssh2
Apr 18 10:40:22 dilepton-tower sshd[195585]: pam_unix(sshd:auth): check pass; user unknown
Apr 18 10:40:24 dilepton-tower sshd[195585]: Failed password for invalid user test from 120.224.50.233 port 52613 ssh2
Apr 18 10:40:26 dilepton-tower sshd[195585]: pam_unix(sshd:auth): check pass; user unknown
Apr 18 10:40:28 dilepton-tower sshd[195585]: Failed password for invalid user test from 120.224.50.233 port 52613 ssh2
Apr 18 10:40:28 dilepton-tower sshd[195585]: pam_unix(sshd:auth): check pass; user unknown
Apr 18 10:40:30 dilepton-tower sshd[195585]: Failed password for invalid user test from 120.224.50.233 port 52613 ssh2
Apr 18 10:40:30 dilepton-tower sshd[195585]: error: maximum authentication attempts exceeded for invalid user test from 120.224.50.233 port 52613 ssh2 [preauth]
Apr 18 10:40:30 dilepton-tower sshd[195585]: Disconnecting invalid user test 120.224.50.233 port 52613: Too many authentication failures [preauth]
Apr 18 10:40:30 dilepton-tower sshd[195585]: PAM 5 more authentication failures; logname= uid=0 euid=0 tty=ssh ruser= rhost=120.224.50.233 
Apr 18 10:40:30 dilepton-tower sshd[195585]: PAM service(sshd) ignoring max retries; 6 > 3
Apr 18 10:40:33 dilepton-tower sshd[195891]: Invalid user test from 120.224.50.233 port 57712
Apr 18 10:40:33 dilepton-tower sshd[195891]: pam_unix(sshd:auth): check pass; user unknown
Apr 18 10:40:33 dilepton-tower sshd[195891]: pam_unix(sshd:auth): authentication failure; logname= uid=0 euid=0 tty=ssh ruser= rhost=120.224.50.233 
Apr 18 10:40:35 dilepton-tower sshd[195891]: Failed password for invalid user test from 120.224.50.233 port 57712 ssh2
Apr 18 10:40:35 dilepton-tower sshd[195891]: pam_unix(sshd:auth): check pass; user unknown
Apr 18 10:40:37 dilepton-tower sshd[195891]: Failed password for invalid user test from 120.224.50.233 port 57712 ssh2
Apr 18 10:40:39 dilepton-tower sshd[195891]: pam_unix(sshd:auth): check pass; user unknown
Apr 18 10:40:41 dilepton-tower sshd[195891]: Failed password for invalid user test from 120.224.50.233 port 57712 ssh2
Apr 18 10:40:41 dilepton-tower sshd[195891]: pam_unix(sshd:auth): check pass; user unknown
Apr 18 10:40:43 dilepton-tower sshd[195891]: Failed password for invalid user test from 120.224.50.233 port 57712 ssh2
Apr 18 10:40:45 dilepton-tower sshd[195891]: pam_unix(sshd:auth): check pass; user unknown
Apr 18 10:40:47 dilepton-tower sshd[195891]: Failed password for invalid user test from 120.224.50.233 port 57712 ssh2
Apr 18 10:40:49 dilepton-tower sshd[195891]: pam_unix(sshd:auth): check pass; user unknown
Apr 18 10:40:51 dilepton-tower sshd[195891]: Failed password for invalid user test from 120.224.50.233 port 57712 ssh2
Apr 18 10:40:53 dilepton-tower sshd[195891]: error: maximum authentication attempts exceeded for invalid user test from 120.224.50.233 port 57712 ssh2 [preauth]
Apr 18 10:40:53 dilepton-tower sshd[195891]: Disconnecting invalid user test 120.224.50.233 port 57712: Too many authentication failures [preauth]
Apr 18 10:40:53 dilepton-tower sshd[195891]: PAM 5 more authentication failures; logname= uid=0 euid=0 tty=ssh ruser= rhost=120.224.50.233 
Apr 18 10:40:53 dilepton-tower sshd[195891]: PAM service(sshd) ignoring max retries; 6 > 3
Apr 18 10:40:55 dilepton-tower sshd[196223]: Invalid user test from 120.224.50.233 port 63362
Apr 18 10:40:55 dilepton-tower sshd[196223]: pam_unix(sshd:auth): check pass; user unknown
Apr 18 10:40:55 dilepton-tower sshd[196223]: pam_unix(sshd:auth): authentication failure; logname= uid=0 euid=0 tty=ssh ruser= rhost=120.224.50.233 
Apr 18 10:40:57 dilepton-tower sshd[196223]: Failed password for invalid user test from 120.224.50.233 port 63362 ssh2
Apr 18 10:40:57 dilepton-tower sshd[196223]: pam_unix(sshd:auth): check pass; user unknown
Apr 18 10:40:59 dilepton-tower sshd[196223]: Failed password for invalid user test from 120.224.50.233 port 63362 ssh2
Apr 18 10:41:01 dilepton-tower sshd[196223]: Received disconnect from 120.224.50.233 port 63362:11: disconnected by user [preauth]
Apr 18 10:41:01 dilepton-tower sshd[196223]: Disconnected from invalid user test 120.224.50.233 port 63362 [preauth]
Apr 18 10:41:01 dilepton-tower sshd[196223]: PAM 1 more authentication failure; logname= uid=0 euid=0 tty=ssh ruser= rhost=120.224.50.233 
Apr 18 10:41:03 dilepton-tower sshd[196341]: Invalid user user from 120.224.50.233 port 65250
Apr 18 10:41:03 dilepton-tower sshd[196341]: pam_unix(sshd:auth): check pass; user unknown
Apr 18 10:41:03 dilepton-tower sshd[196341]: pam_unix(sshd:auth): authentication failure; logname= uid=0 euid=0 tty=ssh ruser= rhost=120.224.50.233 
Apr 18 10:41:03 dilepton-tower sshd[196338]: pam_unix(sshd:auth): authentication failure; logname= uid=0 euid=0 tty=ssh ruser= rhost=221.131.165.56  user=root
Apr 18 10:41:04 dilepton-tower sshd[196341]: Failed password for invalid user user from 120.224.50.233 port 65250 ssh2
Apr 18 10:41:04 dilepton-tower sshd[196338]: Failed password for root from 221.131.165.56 port 61990 ssh2
Apr 18 10:41:05 dilepton-tower sshd[196341]: pam_unix(sshd:auth): check pass; user unknown
Apr 18 10:41:07 dilepton-tower sshd[196338]: Failed password for root from 221.131.165.56 port 61990 ssh2
Apr 18 10:41:07 dilepton-tower sshd[196341]: Failed password for invalid user user from 120.224.50.233 port 65250 ssh2
Apr 18 10:41:07 dilepton-tower sshd[196341]: pam_unix(sshd:auth): check pass; user unknown
Apr 18 10:41:09 dilepton-tower sshd[196341]: Failed password for invalid user user from 120.224.50.233 port 65250 ssh2
Apr 18 10:41:10 dilepton-tower sshd[196341]: pam_unix(sshd:auth): check pass; user unknown
Apr 18 10:41:10 dilepton-tower sshd[196338]: Failed password for root from 221.131.165.56 port 61990 ssh2
Apr 18 10:41:11 dilepton-tower sshd[196341]: Failed password for invalid user user from 120.224.50.233 port 65250 ssh2
Apr 18 10:41:12 dilepton-tower sshd[196341]: pam_unix(sshd:auth): check pass; user unknown
Apr 18 10:41:12 dilepton-tower sshd[196338]: Received disconnect from 221.131.165.56 port 61990:11:  [preauth]
Apr 18 10:41:12 dilepton-tower sshd[196338]: Disconnected from authenticating user root 221.131.165.56 port 61990 [preauth]
Apr 18 10:41:12 dilepton-tower sshd[196338]: PAM 2 more authentication failures; logname= uid=0 euid=0 tty=ssh ruser= rhost=221.131.165.56  user=root
Apr 18 10:41:14 dilepton-tower sshd[196551]: pam_unix(sshd:auth): authentication failure; logname= uid=0 euid=0 tty=ssh ruser= rhost=221.131.165.56  user=root
Apr 18 10:41:14 dilepton-tower sshd[196341]: Failed password for invalid user user from 120.224.50.233 port 65250 ssh2
Apr 18 10:41:16 dilepton-tower sshd[196551]: Failed password for root from 221.131.165.56 port 11766 ssh2
Apr 18 10:41:16 dilepton-tower sshd[196341]: pam_unix(sshd:auth): check pass; user unknown
Apr 18 10:41:18 dilepton-tower sshd[196341]: Failed password for invalid user user from 120.224.50.233 port 65250 ssh2
Apr 18 10:41:18 dilepton-tower sshd[196551]: Failed password for root from 221.131.165.56 port 11766 ssh2
Apr 18 10:41:20 dilepton-tower sshd[196341]: error: maximum authentication attempts exceeded for invalid user user from 120.224.50.233 port 65250 ssh2 [preauth]
Apr 18 10:41:20 dilepton-tower sshd[196341]: Disconnecting invalid user user 120.224.50.233 port 65250: Too many authentication failures [preauth]
Apr 18 10:41:20 dilepton-tower sshd[196341]: PAM 5 more authentication failures; logname= uid=0 euid=0 tty=ssh ruser= rhost=120.224.50.233 
Apr 18 10:41:20 dilepton-tower sshd[196341]: PAM service(sshd) ignoring max retries; 6 > 3
Apr 18 10:41:22 dilepton-tower sshd[196551]: Failed password for root from 221.131.165.56 port 11766 ssh2
Apr 18 10:41:22 dilepton-tower sshd[196664]: Invalid user user from 120.224.50.233 port 5654
Apr 18 10:41:22 dilepton-tower sshd[196664]: pam_unix(sshd:auth): check pass; user unknown
Apr 18 10:41:22 dilepton-tower sshd[196664]: pam_unix(sshd:auth): authentication failure; logname= uid=0 euid=0 tty=ssh ruser= rhost=120.224.50.233 
Apr 18 10:41:24 dilepton-tower sshd[196551]: Received disconnect from 221.131.165.56 port 11766:11:  [preauth]
Apr 18 10:41:24 dilepton-tower sshd[196551]: Disconnected from authenticating user root 221.131.165.56 port 11766 [preauth]
Apr 18 10:41:24 dilepton-tower sshd[196551]: PAM 2 more authentication failures; logname= uid=0 euid=0 tty=ssh ruser= rhost=221.131.165.56  user=root
Apr 18 10:41:24 dilepton-tower sshd[196664]: Failed password for invalid user user from 120.224.50.233 port 5654 ssh2
Apr 18 10:41:24 dilepton-tower sshd[196664]: pam_unix(sshd:auth): check pass; user unknown
Apr 18 10:41:26 dilepton-tower sshd[196720]: pam_unix(sshd:auth): authentication failure; logname= uid=0 euid=0 tty=ssh ruser= rhost=221.131.165.56  user=root
Apr 18 10:41:26 dilepton-tower sshd[196664]: Failed password for invalid user user from 120.224.50.233 port 5654 ssh2
Apr 18 10:41:27 dilepton-tower sshd[196720]: Failed password for root from 221.131.165.56 port 62664 ssh2
Apr 18 10:41:29 dilepton-tower sshd[196664]: pam_unix(sshd:auth): check pass; user unknown
Apr 18 10:41:30 dilepton-tower sshd[196720]: Failed password for root from 221.131.165.56 port 62664 ssh2
Apr 18 10:41:30 dilepton-tower sshd[196664]: Failed password for invalid user user from 120.224.50.233 port 5654 ssh2
Apr 18 10:41:31 dilepton-tower sshd[196664]: pam_unix(sshd:auth): check pass; user unknown
Apr 18 10:41:33 dilepton-tower sshd[196664]: Failed password for invalid user user from 120.224.50.233 port 5654 ssh2
Apr 18 10:41:34 dilepton-tower sshd[196720]: Failed password for root from 221.131.165.56 port 62664 ssh2
Apr 18 10:41:35 dilepton-tower sshd[196720]: Received disconnect from 221.131.165.56 port 62664:11:  [preauth]
Apr 18 10:41:35 dilepton-tower sshd[196720]: Disconnected from authenticating user root 221.131.165.56 port 62664 [preauth]
Apr 18 10:41:35 dilepton-tower sshd[196720]: PAM 2 more authentication failures; logname= uid=0 euid=0 tty=ssh ruser= rhost=221.131.165.56  user=root
Apr 18 10:41:35 dilepton-tower sshd[196664]: pam_unix(sshd:auth): check pass; user unknown
Apr 18 10:41:37 dilepton-tower sshd[196886]: pam_unix(sshd:auth): authentication failure; logname= uid=0 euid=0 tty=ssh ruser= rhost=221.131.165.56  user=root
Apr 18 10:41:37 dilepton-tower sshd[196664]: Failed password for invalid user user from 120.224.50.233 port 5654 ssh2
Apr 18 10:41:39 dilepton-tower sshd[196886]: Failed password for root from 221.131.165.56 port 10730 ssh2
Apr 18 10:41:39 dilepton-tower sshd[196664]: pam_unix(sshd:auth): check pass; user unknown
Apr 18 10:41:41 dilepton-tower sshd[196664]: Failed password for invalid user user from 120.224.50.233 port 5654 ssh2
Apr 18 10:41:41 dilepton-tower sshd[196664]: error: maximum authentication attempts exceeded for invalid user user from 120.224.50.233 port 5654 ssh2 [preauth]
Apr 18 10:41:41 dilepton-tower sshd[196664]: Disconnecting invalid user user 120.224.50.233 port 5654: Too many authentication failures [preauth]
Apr 18 10:41:41 dilepton-tower sshd[196664]: PAM 5 more authentication failures; logname= uid=0 euid=0 tty=ssh ruser= rhost=120.224.50.233 
Apr 18 10:41:41 dilepton-tower sshd[196664]: PAM service(sshd) ignoring max retries; 6 > 3
Apr 18 10:41:43 dilepton-tower sshd[196886]: Failed password for root from 221.131.165.56 port 10730 ssh2
Apr 18 10:41:43 dilepton-tower sshd[196972]: Invalid user user from 120.224.50.233 port 10083
Apr 18 10:41:43 dilepton-tower sshd[196972]: pam_unix(sshd:auth): check pass; user unknown
Apr 18 10:41:43 dilepton-tower sshd[196972]: pam_unix(sshd:auth): authentication failure; logname= uid=0 euid=0 tty=ssh ruser= rhost=120.224.50.233 
Apr 18 10:41:46 dilepton-tower sshd[196972]: Failed password for invalid user user from 120.224.50.233 port 10083 ssh2
Apr 18 10:41:46 dilepton-tower sshd[196886]: Failed password for root from 221.131.165.56 port 10730 ssh2
Apr 18 10:41:48 dilepton-tower sshd[196972]: pam_unix(sshd:auth): check pass; user unknown
Apr 18 10:41:48 dilepton-tower sshd[196886]: Received disconnect from 221.131.165.56 port 10730:11:  [preauth]
Apr 18 10:41:48 dilepton-tower sshd[196886]: Disconnected from authenticating user root 221.131.165.56 port 10730 [preauth]
Apr 18 10:41:48 dilepton-tower sshd[196886]: PAM 2 more authentication failures; logname= uid=0 euid=0 tty=ssh ruser= rhost=221.131.165.56  user=root
Apr 18 10:41:50 dilepton-tower sshd[196972]: Failed password for invalid user user from 120.224.50.233 port 10083 ssh2
Apr 18 10:41:50 dilepton-tower sshd[197058]: pam_unix(sshd:auth): authentication failure; logname= uid=0 euid=0 tty=ssh ruser= rhost=221.131.165.56  user=root
Apr 18 10:41:52 dilepton-tower sshd[196972]: Received disconnect from 120.224.50.233 port 10083:11: disconnected by user [preauth]
Apr 18 10:41:52 dilepton-tower sshd[196972]: Disconnected from invalid user user 120.224.50.233 port 10083 [preauth]
Apr 18 10:41:52 dilepton-tower sshd[196972]: PAM 1 more authentication failure; logname= uid=0 euid=0 tty=ssh ruser= rhost=120.224.50.233 
Apr 18 10:41:52 dilepton-tower sshd[197058]: Failed password for root from 221.131.165.56 port 29533 ssh2
Apr 18 10:41:54 dilepton-tower sshd[197121]: Invalid user ftpuser from 120.224.50.233 port 12379
Apr 18 10:41:54 dilepton-tower sshd[197121]: pam_unix(sshd:auth): check pass; user unknown
Apr 18 10:41:54 dilepton-tower sshd[197121]: pam_unix(sshd:auth): authentication failure; logname= uid=0 euid=0 tty=ssh ruser= rhost=120.224.50.233 
Apr 18 10:41:56 dilepton-tower sshd[197121]: Failed password for invalid user ftpuser from 120.224.50.233 port 12379 ssh2
Apr 18 10:41:57 dilepton-tower sshd[197058]: Failed password for root from 221.131.165.56 port 29533 ssh2
Apr 18 10:41:58 dilepton-tower sshd[197121]: pam_unix(sshd:auth): check pass; user unknown
Apr 18 10:42:00 dilepton-tower sshd[197058]: Failed password for root from 221.131.165.56 port 29533 ssh2
Apr 18 10:42:00 dilepton-tower sshd[197121]: Failed password for invalid user ftpuser from 120.224.50.233 port 12379 ssh2
Apr 18 10:42:01 dilepton-tower sshd[197058]: Received disconnect from 221.131.165.56 port 29533:11:  [preauth]
Apr 18 10:42:01 dilepton-tower sshd[197058]: Disconnected from authenticating user root 221.131.165.56 port 29533 [preauth]
Apr 18 10:42:01 dilepton-tower sshd[197058]: PAM 2 more authentication failures; logname= uid=0 euid=0 tty=ssh ruser= rhost=221.131.165.56  user=root
Apr 18 10:42:02 dilepton-tower sshd[197121]: pam_unix(sshd:auth): check pass; user unknown
Apr 18 10:42:04 dilepton-tower sshd[197257]: pam_unix(sshd:auth): authentication failure; logname= uid=0 euid=0 tty=ssh ruser= rhost=221.131.165.56  user=root
Apr 18 10:42:04 dilepton-tower sshd[197121]: Failed password for invalid user ftpuser from 120.224.50.233 port 12379 ssh2
Apr 18 10:42:05 dilepton-tower sshd[197121]: pam_unix(sshd:auth): check pass; user unknown
